
Discarded input sections

 .data          0x00000000        0x0 start.o
 .bss           0x00000000        0x0 start.o
 .data          0x00000000        0x0 cpu_init.o
 .bss           0x00000000        0x0 cpu_init.o
 .text          0x00000000        0x0 nand_boot.o
 .data          0x00000000        0x0 nand_boot.o
 .bss           0x00000000        0x0 nand_boot.o
 .data          0x00000000        0x0 lowlevel_init.o
 .bss           0x00000000        0x0 lowlevel_init.o
 .data          0x00000000        0x0 crt0.o
 .bss           0x00000000        0x0 crt0.o
 .text          0x00000000        0x0 nand_ecc.o
 .data          0x00000000        0x0 nand_ecc.o
 .bss           0x00000000        0x0 nand_ecc.o
 .text.nand_correct_data
                0x00000000      0x120 nand_ecc.o
 .text          0x00000000        0x0 s3c64xx.o
 .text          0x00000000        0x0 smdk6410_nand_spl.o
 .data          0x00000000        0x0 smdk6410_nand_spl.o
 .bss           0x00000000        0x0 smdk6410_nand_spl.o
 .text          0x00000000        0x0 nand_base.o
 .data          0x00000000      0x920 nand_base.o
 .bss           0x00000000        0x0 nand_base.o
 .text.generic_ffs
                0x00000000       0x54 nand_base.o
 .text.nand_bch_calculate_ecc
                0x00000000        0x8 nand_base.o
 .text.nand_bch_correct_data
                0x00000000        0x8 nand_base.o
 .text.nand_release_device
                0x00000000       0x18 nand_base.o
 .text.nand_read_byte16
                0x00000000       0x14 nand_base.o
 .text.nand_read_word
                0x00000000       0x10 nand_base.o
 .text.nand_verify_buf
                0x00000000       0x44 nand_base.o
 .text.nand_write_buf16
                0x00000000       0x34 nand_base.o
 .text.nand_read_buf16
                0x00000000       0x34 nand_base.o
 .text.nand_verify_buf16
                0x00000000       0x48 nand_base.o
 .text.nand_check_wp
                0x00000000       0x4c nand_base.o
 .text.nand_get_device
                0x00000000        0xc nand_base.o
 .text.nand_read_page_raw
                0x00000000       0x38 nand_base.o
 .text.nand_read_page_raw_syndrome
                0x00000000       0xd0 nand_base.o
 .text.nand_read_page_swecc
                0x00000000      0x110 nand_base.o
 .text.nand_read_subpage
                0x00000000      0x29c nand_base.o
 .text.nand_read_page_hwecc
                0x00000000      0x138 nand_base.o
 .text.nand_read_page_hwecc_oob_first
                0x00000000      0x13c nand_base.o
 .text.nand_read_page_syndrome
                0x00000000      0x124 nand_base.o
 .text.nand_read_oob_std
                0x00000000       0x44 nand_base.o
 .text.nand_read_oob_syndrome
                0x00000000      0x100 nand_base.o
 .text.nand_write_oob_std
                0x00000000       0x70 nand_base.o
 .text.nand_write_oob_syndrome
                0x00000000      0x1b0 nand_base.o
 .text.nand_write_page_raw
                0x00000000       0x34 nand_base.o
 .text.nand_write_page_raw_syndrome
                0x00000000       0xcc nand_base.o
 .text.nand_write_page_swecc
                0x00000000       0xbc nand_base.o
 .text.nand_write_page_hwecc
                0x00000000       0xc8 nand_base.o
 .text.nand_write_page_syndrome
                0x00000000       0xf0 nand_base.o
 .text.single_erase_cmd
                0x00000000       0x3c nand_base.o
 .text.multi_erase_cmd
                0x00000000       0x8c nand_base.o
 .text.nand_sync
                0x00000000       0x24 nand_base.o
 .text.nand_release
                0x00000000       0x44 nand_base.o
 .text.nand_scan_tail
                0x00000000      0x5e8 nand_base.o
 .text.nand_select_chip
                0x00000000       0x58 nand_base.o
 .text.nand_block_checkbad
                0x00000000       0x80 nand_base.o
 .text.nand_block_isbad
                0x00000000       0x40 nand_base.o
 .text.nand_block_markbad
                0x00000000       0x3c nand_base.o
 .text.nand_write_page
                0x00000000       0xc0 nand_base.o
 .text.nand_block_bad
                0x00000000      0x15c nand_base.o
 .text.nand_scan_ident
                0x00000000      0x734 nand_base.o
 .text.nand_scan
                0x00000000       0x24 nand_base.o
 .text.nand_fill_oob
                0x00000000      0x110 nand_base.o
 .text.nand_do_write_oob
                0x00000000      0x1b8 nand_base.o
 .text.nand_do_write_ops
                0x00000000      0x390 nand_base.o
 .text.nand_write_oob
                0x00000000       0xc8 nand_base.o
 .text.nand_write
                0x00000000       0xa8 nand_base.o
 .text.nand_transfer_oob
                0x00000000      0x110 nand_base.o
 .text.nand_default_block_markbad
                0x00000000      0x178 nand_base.o
 .text.nand_erase_nand
                0x00000000      0x400 nand_base.o
 .text.nand_erase
                0x00000000        0x8 nand_base.o
 .text.nand_wait
                0x00000000       0xd4 nand_base.o
 .text.nand_wait_ready
                0x00000000       0x4c nand_base.o
 .text.nand_do_read_ops
                0x00000000      0x408 nand_base.o
 .text.nand_read_oob
                0x00000000      0x2c4 nand_base.o
 .text.nand_read
                0x00000000       0xa8 nand_base.o
 .text.nand_command
                0x00000000      0x1dc nand_base.o
 .text.nand_command_lp
                0x00000000      0x268 nand_base.o
 .rodata        0x00000000       0x6c nand_base.o
 .rodata.str1.1
                0x00000000      0x286 nand_base.o

Memory Configuration

Name             Origin             Length             Attributes
*default*        0x00000000         0xffffffff

Linker script and memory map

                0x00000000                . = 0x0
                0x00000000                . = ALIGN (0x4)

.text           0x00000000      0x4a0
 start.o(.text)
 .text          0x00000000      0x140 start.o
                0x00000000                _start
                0x00000040                _end_vect
                0x00000040                _TEXT_BASE
                0x00000048                _bss_start_ofs
                0x0000004c                _bss_end_ofs
                0x00000050                _end_ofs
                0x00000054                IRQ_STACK_START_IN
                0x0000007c                relocate_code
                0x00000134                c_runtime_cpu_setup
 cpu_init.o(.text)
 .text          0x00000140      0x124 cpu_init.o
                0x00000140                mem_ctrl_asm_init
 nand_boot.o(.text)
 *(.text)
 .text          0x00000264      0x1b4 lowlevel_init.o
                0x00000268                lowlevel_init
 .text          0x00000418       0x88 crt0.o
                0x00000418                _main

.glue_7         0x000004a0        0x0
 .glue_7        0x00000000        0x0 linker stubs

.glue_7t        0x000004a0        0x0
 .glue_7t       0x00000000        0x0 linker stubs

.vfp11_veneer   0x000004a0        0x0
 .vfp11_veneer  0x00000000        0x0 linker stubs

.v4_bx          0x000004a0        0x0
 .v4_bx         0x00000000        0x0 linker stubs

.text.T.54      0x000004a0       0xf0
 .text.T.54     0x000004a0       0xf0 nand_boot.o

.text.nand_load
                0x00000590      0x174
 .text.nand_load
                0x00000590      0x174 nand_boot.o

.text.nand_boot
                0x00000704       0xa0
 .text.nand_boot
                0x00000704       0xa0 nand_boot.o
                0x00000704                nand_boot

.text.s3c_nand_select_chip
                0x000007a4       0x40
 .text.s3c_nand_select_chip
                0x000007a4       0x40 s3c64xx.o

.text.s3c_nand_hwcontrol
                0x000007e4       0x68
 .text.s3c_nand_hwcontrol
                0x000007e4       0x68 s3c64xx.o

.text.s3c_nand_device_ready
                0x0000084c       0x14
 .text.s3c_nand_device_ready
                0x0000084c       0x14 s3c64xx.o

.text.s3c_nand_enable_hwecc_8bit
                0x00000860       0x50
 .text.s3c_nand_enable_hwecc_8bit
                0x00000860       0x50 s3c64xx.o
                0x00000860                s3c_nand_enable_hwecc_8bit

.text.s3c_nand_calculate_ecc_8bit
                0x000008b0       0xcc
 .text.s3c_nand_calculate_ecc_8bit
                0x000008b0       0xcc s3c64xx.o
                0x000008b0                s3c_nand_calculate_ecc_8bit

.text.s3c_nand_correct_data_8bit
                0x0000097c      0x11c
 .text.s3c_nand_correct_data_8bit
                0x0000097c      0x11c s3c64xx.o
                0x0000097c                s3c_nand_correct_data_8bit

.text.s3c_nand_write_page_8bit
                0x00000a98       0xb0
 .text.s3c_nand_write_page_8bit
                0x00000a98       0xb0 s3c64xx.o
                0x00000a98                s3c_nand_write_page_8bit

.text.s3c_nand_read_page_8bit
                0x00000b48      0x100
 .text.s3c_nand_read_page_8bit
                0x00000b48      0x100 s3c64xx.o
                0x00000b48                s3c_nand_read_page_8bit

.text.board_nand_init
                0x00000c48      0x114
 .text.board_nand_init
                0x00000c48      0x114 s3c64xx.o
                0x00000c48                board_nand_init

.text.board_init_f
                0x00000d5c       0x18
 .text.board_init_f
                0x00000d5c       0x18 smdk6410_nand_spl.o
                0x00000d5c                board_init_f

.text.nand_read_byte
                0x00000d74       0x14
 .text.nand_read_byte
                0x00000d74       0x14 nand_base.o
                0x00000d74                nand_read_byte

.text.nand_write_buf
                0x00000d88       0x2c
 .text.nand_write_buf
                0x00000d88       0x2c nand_base.o
                0x00000d88                nand_write_buf

.text.nand_read_buf
                0x00000db4       0x2c
 .text.nand_read_buf
                0x00000db4       0x2c nand_base.o
                0x00000db4                nand_read_buf
                0x00000de0                . = ALIGN (0x4)

.rodata
 *(SORT(.rodata*))
                0x00000de0                . = ALIGN (0x4)

.data           0x00000de0      0x250
 *(.data)
 .data          0x00000de0      0x250 s3c64xx.o
                0x00001030                . = ALIGN (0x4)

.got
 *(.got)
                0x00001030                . = ALIGN (0x4)

.u_boot_list    0x00001030        0x0
                0x00001030                _u_boot_list__start = .
                0x00001030                _u_boot_list_cmd__start = .
 *(SORT(.u_boot_list.cmd.*))
                0x00001030                _u_boot_list_cmd__end = .
                0x00001030                _u_boot_list_env_clbk__start = .
 *(SORT(.u_boot_list.env_clbk.*))
                0x00001030                _u_boot_list_env_clbk__end = .
 *(SORT(.u_boot_list.*))
                0x00001030                _u_boot_list__end = .
                0x00001030                . = ALIGN (0x4)

.rel.dyn        0x00001030        0x0
                0x00001030                __rel_dyn_start = .
 *(.rel*)
                0x00001030                __rel_dyn_end = .

.dynsym         0x00001030        0x0
                0x00001030                __dynsym_start = .
 *(.dynsym)
                0x00001030                _end = .

.bss            0x00001030        0x8
                0x00001030                __bss_start = .
 *(.bss)
 .bss           0x00001030        0x8 s3c64xx.o
                0x00001030                cur_ecc_mode
                0x00001038                . = ALIGN (0x4)
                0x00001038                __bss_end__ = .
Address of section .text set to 0x0
LOAD start.o
LOAD cpu_init.o
LOAD lowlevel_init.o
LOAD crt0.o
LOAD nand_boot.o
LOAD nand_ecc.o
LOAD s3c64xx.o
LOAD smdk6410_nand_spl.o
LOAD nand_base.o
OUTPUT(/home/rong/wkpl/O.O/sd-u-boot-2013.01/nand_spl/u-boot-spl elf32-littlearm)

.ARM.attributes
                0x00000000       0x26
 .ARM.attributes
                0x00000000       0x1a start.o
 .ARM.attributes
                0x0000001a       0x1a cpu_init.o
 .ARM.attributes
                0x00000034       0x2a nand_boot.o
 .ARM.attributes
                0x0000005e       0x1a lowlevel_init.o
 .ARM.attributes
                0x00000078       0x1a crt0.o
 .ARM.attributes
                0x00000092       0x2a nand_ecc.o
 .ARM.attributes
                0x000000bc       0x2a s3c64xx.o
 .ARM.attributes
                0x000000e6       0x2a smdk6410_nand_spl.o
 .ARM.attributes
                0x00000110       0x2a nand_base.o

.comment        0x00000000       0xd2
 .comment       0x00000000       0x2a nand_boot.o
 .comment       0x0000002a       0x2a nand_ecc.o
 .comment       0x00000054       0x2a s3c64xx.o
 .comment       0x0000007e       0x2a smdk6410_nand_spl.o
 .comment       0x000000a8       0x2a nand_base.o

.note.GNU-stack
                0x00000000        0x0
 .note.GNU-stack
                0x00000000        0x0 nand_boot.o
 .note.GNU-stack
                0x00000000        0x0 nand_ecc.o
 .note.GNU-stack
                0x00000000        0x0 s3c64xx.o
 .note.GNU-stack
                0x00000000        0x0 smdk6410_nand_spl.o
 .note.GNU-stack
                0x00000000        0x0 nand_base.o

.debug_line     0x00000000     0x17a9
 .debug_line    0x00000000       0x7c start.o
 .debug_line    0x0000007c       0x7c cpu_init.o
 .debug_line    0x000000f8      0x218 nand_boot.o
 .debug_line    0x00000310       0xa6 lowlevel_init.o
 .debug_line    0x000003b6       0x5a crt0.o
 .debug_line    0x00000410      0x183 nand_ecc.o
 .debug_line    0x00000593      0x2f5 s3c64xx.o
 .debug_line    0x00000888       0xfa smdk6410_nand_spl.o
 .debug_line    0x00000982      0xe27 nand_base.o

.debug_info     0x00000000     0x7ada
 .debug_info    0x00000000       0x77 start.o
 .debug_info    0x00000077       0x7a cpu_init.o
 .debug_info    0x000000f1     0x165c nand_boot.o
 .debug_info    0x0000174d       0x7f lowlevel_init.o
 .debug_info    0x000017cc       0x76 crt0.o
 .debug_info    0x00001842      0xb39 nand_ecc.o
 .debug_info    0x0000237b     0x1921 s3c64xx.o
 .debug_info    0x00003c9c      0x2e4 smdk6410_nand_spl.o
 .debug_info    0x00003f80     0x3b5a nand_base.o

.debug_abbrev   0x00000000      0xe5e
 .debug_abbrev  0x00000000       0x14 start.o
 .debug_abbrev  0x00000014       0x14 cpu_init.o
 .debug_abbrev  0x00000028      0x2e3 nand_boot.o
 .debug_abbrev  0x0000030b       0x14 lowlevel_init.o
 .debug_abbrev  0x0000031f       0x14 crt0.o
 .debug_abbrev  0x00000333      0x1e5 nand_ecc.o
 .debug_abbrev  0x00000518      0x376 s3c64xx.o
 .debug_abbrev  0x0000088e      0x10a smdk6410_nand_spl.o
 .debug_abbrev  0x00000998      0x4c6 nand_base.o

.debug_aranges  0x00000000      0x348
 .debug_aranges
                0x00000000       0x20 start.o
 .debug_aranges
                0x00000020       0x20 cpu_init.o
 .debug_aranges
                0x00000040       0x30 nand_boot.o
 .debug_aranges
                0x00000070       0x20 lowlevel_init.o
 .debug_aranges
                0x00000090       0x20 crt0.o
 .debug_aranges
                0x000000b0       0x20 nand_ecc.o
 .debug_aranges
                0x000000d0       0x60 s3c64xx.o
 .debug_aranges
                0x00000130       0x20 smdk6410_nand_spl.o
 .debug_aranges
                0x00000150      0x1f8 nand_base.o

.debug_frame    0x00000000      0xae0
 .debug_frame   0x00000000       0x80 nand_boot.o
 .debug_frame   0x00000080       0x30 nand_ecc.o
 .debug_frame   0x000000b0      0x130 s3c64xx.o
 .debug_frame   0x000001e0       0x2c smdk6410_nand_spl.o
 .debug_frame   0x0000020c      0x8d4 nand_base.o

.debug_loc      0x00000000     0x3213
 .debug_loc     0x00000000      0x20a nand_boot.o
 .debug_loc     0x0000020a      0x10c nand_ecc.o
 .debug_loc     0x00000316      0x4fa s3c64xx.o
 .debug_loc     0x00000810       0x32 smdk6410_nand_spl.o
 .debug_loc     0x00000842     0x29d1 nand_base.o

.debug_pubnames
                0x00000000      0x21a
 .debug_pubnames
                0x00000000       0x20 nand_boot.o
 .debug_pubnames
                0x00000020       0x28 nand_ecc.o
 .debug_pubnames
                0x00000048       0xce s3c64xx.o
 .debug_pubnames
                0x00000116       0x23 smdk6410_nand_spl.o
 .debug_pubnames
                0x00000139       0xe1 nand_base.o

.debug_ranges   0x00000000      0x570
 .debug_ranges  0x00000000       0x98 nand_boot.o
 .debug_ranges  0x00000098       0x18 nand_ecc.o
 .debug_ranges  0x000000b0       0x88 s3c64xx.o
 .debug_ranges  0x00000138       0x18 smdk6410_nand_spl.o
 .debug_ranges  0x00000150      0x420 nand_base.o

.debug_str      0x00000000     0x1199
 .debug_str     0x00000000      0x794 nand_boot.o
                                0x970 (size before relaxing)
 .debug_str     0x00000794       0x49 nand_ecc.o
                                0x5b5 (size before relaxing)
 .debug_str     0x000007dd      0x1cf s3c64xx.o
                                0xaae (size before relaxing)
 .debug_str     0x000009ac       0x2a smdk6410_nand_spl.o
                                0x233 (size before relaxing)
 .debug_str     0x000009d6      0x7c3 nand_base.o
                               0x111a (size before relaxing)
